2026-04-05 22:11:11,671 | INFO | [L7_APPLICATION] | API_REQUEST_IN | Method: GET | Path: /api/v1/students/
2026-04-05 22:11:11,672 | INFO | [L6_PRESENTATION] | DE-ENCAPSULATION | Received Data PDU (Size: 0 bytes)
2026-04-05 22:11:11,673 | INFO | [L7_APPLICATION] | API_REQUEST_IN | Method: GET | Path: /api/v1/taxis/
2026-04-05 22:11:11,674 | INFO | [L6_PRESENTATION] | DE-ENCAPSULATION | Received Data PDU (Size: 0 bytes)
2026-04-05 22:11:11,675 | INFO | [L7_APPLICATION] | API_REQUEST_IN | Method: GET | Path: /api/v1/bicycles/
2026-04-05 22:11:11,675 | INFO | [L6_PRESENTATION] | DE-ENCAPSULATION | Received Data PDU (Size: 0 bytes)
2026-04-05 22:11:11,676 | INFO | [L7_APPLICATION] | API_REQUEST_IN | Method: GET | Path: /api/v1/students/
2026-04-05 22:11:11,677 | INFO | [L6_PRESENTATION] | DE-ENCAPSULATION | Received Data PDU (Size: 0 bytes)
2026-04-05 22:11:11,677 | INFO | [L7_APPLICATION] | API_REQUEST_IN | Method: GET | Path: /api/v1/bicycles/
2026-04-05 22:11:11,678 | INFO | [L6_PRESENTATION] | DE-ENCAPSULATION | Received Data PDU (Size: 0 bytes)
2026-04-05 22:11:11,679 | INFO | [L7_APPLICATION] | API_REQUEST_IN | Method: GET | Path: /api/v1/taxis/
2026-04-05 22:11:11,680 | INFO | [L6_PRESENTATION] | DE-ENCAPSULATION | Received Data PDU (Size: 0 bytes)
2026-04-05 22:11:11,681 | INFO | [L7_APPLICATION] | API_REQUEST_IN | Method: GET | Path: /api/v1/bicycles/
2026-04-05 22:11:11,681 | INFO | [L6_PRESENTATION] | DE-ENCAPSULATION | Received Data PDU (Size: 0 bytes)
2026-04-05 22:11:11,682 | INFO | [L7_APPLICATION] | API_REQUEST_IN | Method: GET | Path: /api/v1/students/
2026-04-05 22:11:11,683 | INFO | [L6_PRESENTATION] | DE-ENCAPSULATION | Received Data PDU (Size: 0 bytes)
2026-04-05 22:11:11,684 | INFO | [L7_APPLICATION] | API_REQUEST_IN | Method: GET | Path: /api/v1/buses/
2026-04-05 22:11:11,685 | INFO | [L6_PRESENTATION] | DE-ENCAPSULATION | Received Data PDU (Size: 0 bytes)
2026-04-05 22:11:11,686 | INFO | [L7_APPLICATION] | API_REQUEST_IN | Method: GET | Path: /api/v1/drivers/
2026-04-05 22:11:11,687 | INFO | [L6_PRESENTATION] | DE-ENCAPSULATION | Received Data PDU (Size: 0 bytes)
2026-04-05 22:11:11,688 | INFO | [L7_APPLICATION] | API_REQUEST_IN | Method: GET | Path: /api/v1/drivers/
2026-04-05 22:11:11,689 | INFO | [L6_PRESENTATION] | DE-ENCAPSULATION | Received Data PDU (Size: 0 bytes)
2026-04-05 22:11:11,693 | INFO | [L7_APPLICATION] | API_REQUEST_IN | Method: GET | Path: /api/v1/buses/
2026-04-05 22:11:11,698 | INFO | [L6_PRESENTATION] | DE-ENCAPSULATION | Received Data PDU (Size: 0 bytes)
2026-04-05 22:11:11,699 | INFO | [L7_APPLICATION] | API_REQUEST_IN | Method: GET | Path: /api/v1/taxis/
2026-04-05 22:11:11,700 | INFO | [L6_PRESENTATION] | DE-ENCAPSULATION | Received Data PDU (Size: 0 bytes)
2026-04-05 22:11:11,703 | INFO | [L7_APPLICATION] | API_REQUEST_IN | Method: GET | Path: /api/v1/drivers/
2026-04-05 22:11:11,706 | INFO | [L6_PRESENTATION] | DE-ENCAPSULATION | Received Data PDU (Size: 0 bytes)
2026-04-05 22:11:11,707 | INFO | [L7_APPLICATION] | API_REQUEST_IN | Method: GET | Path: /api/v1/students/
2026-04-05 22:11:11,708 | INFO | [L6_PRESENTATION] | DE-ENCAPSULATION | Received Data PDU (Size: 0 bytes)
2026-04-05 22:11:11,709 | INFO | [L7_APPLICATION] | API_REQUEST_IN | Method: GET | Path: /api/v1/drivers/
2026-04-05 22:11:11,712 | INFO | [L6_PRESENTATION] | DE-ENCAPSULATION | Received Data PDU (Size: 0 bytes)
2026-04-05 22:11:11,718 | INFO | [L7_APPLICATION] | API_REQUEST_IN | Method: GET | Path: /api/v1/drivers/
2026-04-05 22:11:11,719 | INFO | [L6_PRESENTATION] | DE-ENCAPSULATION | Received Data PDU (Size: 0 bytes)
2026-04-05 22:11:11,721 | INFO | [L7_APPLICATION] | API_REQUEST_IN | Method: GET | Path: /api/v1/taxis/
2026-04-05 22:11:11,722 | INFO | [L6_PRESENTATION] | DE-ENCAPSULATION | Received Data PDU (Size: 0 bytes)
2026-04-05 22:11:11,724 | INFO | [L7_APPLICATION] | API_REQUEST_IN | Method: GET | Path: /api/v1/taxis/
2026-04-05 22:11:11,725 | INFO | [L6_PRESENTATION] | DE-ENCAPSULATION | Received Data PDU (Size: 0 bytes)
2026-04-05 22:11:11,727 | INFO | [L7_APPLICATION] | API_REQUEST_IN | Method: GET | Path: /api/v1/bicycles/
2026-04-05 22:11:11,728 | INFO | [L6_PRESENTATION] | DE-ENCAPSULATION | Received Data PDU (Size: 0 bytes)
2026-04-05 22:11:11,729 | INFO | [L7_APPLICATION] | API_REQUEST_IN | Method: GET | Path: /api/v1/students/
2026-04-05 22:11:11,730 | INFO | [L6_PRESENTATION] | DE-ENCAPSULATION | Received Data PDU (Size: 0 bytes)
2026-04-05 22:11:11,731 | INFO | [L7_APPLICATION] | API_REQUEST_IN | Method: GET | Path: /api/v1/drivers/
2026-04-05 22:11:11,732 | INFO | [L6_PRESENTATION] | DE-ENCAPSULATION | Received Data PDU (Size: 0 bytes)
2026-04-05 22:11:11,734 | INFO | [L7_APPLICATION] | API_REQUEST_IN | Method: GET | Path: /api/v1/buses/
2026-04-05 22:11:11,737 | INFO | [L6_PRESENTATION] | DE-ENCAPSULATION | Received Data PDU (Size: 0 bytes)
2026-04-05 22:11:11,744 | INFO | [L7_APPLICATION] | API_REQUEST_IN | Method: GET | Path: /api/v1/buses/
2026-04-05 22:11:11,750 | INFO | [L6_PRESENTATION] | DE-ENCAPSULATION | Received Data PDU (Size: 0 bytes)
2026-04-05 22:11:11,775 | INFO | [DATABASE_LAYER] | ENDPOINT_CALL | GET /students/ - skip: 0, limit: 100
2026-04-05 22:11:11,776 | INFO | [DATABASE_LAYER] | SQL_QUERY | SELECT students OFFSET 0 LIMIT 100
2026-04-05 22:11:11,808 | INFO | [DATABASE_LAYER] | ENDPOINT_CALL | GET /taxis/ - skip: 0, limit: 100
2026-04-05 22:11:11,809 | INFO | [DATABASE_LAYER] | SQL_QUERY | SELECT taxis OFFSET 0 LIMIT 100
2026-04-05 22:11:11,819 | INFO | [DATABASE_LAYER] | ENDPOINT_CALL | GET /bicycles/ - skip: 0, limit: 100
2026-04-05 22:11:11,826 | INFO | [DATABASE_LAYER] | SQL_QUERY | SELECT bicycles OFFSET 0 LIMIT 100
2026-04-05 22:11:11,831 | INFO | [DATABASE_LAYER] | ENDPOINT_CALL | GET /students/ - skip: 0, limit: 100
2026-04-05 22:11:11,833 | INFO | [DATABASE_LAYER] | SQL_QUERY | SELECT students OFFSET 0 LIMIT 100
2026-04-05 22:11:11,852 | INFO | [DATABASE_LAYER] | ENDPOINT_CALL | GET /bicycles/ - skip: 0, limit: 100
2026-04-05 22:11:11,856 | INFO | [DATABASE_LAYER] | SQL_QUERY | SELECT bicycles OFFSET 0 LIMIT 100
2026-04-05 22:11:11,872 | INFO | [DATABASE_LAYER] | ENDPOINT_CALL | GET /taxis/ - skip: 0, limit: 100
2026-04-05 22:11:11,874 | INFO | [DATABASE_LAYER] | SQL_QUERY | SELECT taxis OFFSET 0 LIMIT 100
2026-04-05 22:11:11,889 | INFO | [DATABASE_LAYER] | ENDPOINT_CALL | GET /bicycles/ - skip: 0, limit: 100
2026-04-05 22:11:11,890 | INFO | [DATABASE_LAYER] | SQL_QUERY | SELECT bicycles OFFSET 0 LIMIT 100
2026-04-05 22:11:11,895 | INFO | [DATABASE_LAYER] | ENDPOINT_CALL | GET /students/ - skip: 0, limit: 100
2026-04-05 22:11:11,896 | INFO | [DATABASE_LAYER] | SQL_QUERY | SELECT students OFFSET 0 LIMIT 100
2026-04-05 22:11:11,909 | INFO | [DATABASE_LAYER] | ENDPOINT_CALL | GET /buses/ - skip: 0, limit: 100
2026-04-05 22:11:11,914 | INFO | [DATABASE_LAYER] | SQL_QUERY | SELECT buses OFFSET 0 LIMIT 100
2026-04-05 22:11:11,923 | INFO | [DATABASE_LAYER] | ENDPOINT_CALL | GET /drivers/ - skip: 0, limit: 100
2026-04-05 22:11:11,924 | INFO | [DATABASE_LAYER] | SQL_QUERY | SELECT drivers OFFSET 0 LIMIT 100
2026-04-05 22:11:11,937 | INFO | [DATABASE_LAYER] | ENDPOINT_CALL | GET /drivers/ - skip: 0, limit: 100
2026-04-05 22:11:11,939 | INFO | [DATABASE_LAYER] | SQL_QUERY | SELECT drivers OFFSET 0 LIMIT 100
2026-04-05 22:11:11,943 | INFO | [DATABASE_LAYER] | ENDPOINT_CALL | GET /buses/ - skip: 0, limit: 100
2026-04-05 22:11:11,946 | INFO | [DATABASE_LAYER] | SQL_QUERY | SELECT buses OFFSET 0 LIMIT 100
2026-04-05 22:11:11,967 | INFO | [DATABASE_LAYER] | ENDPOINT_CALL | GET /taxis/ - skip: 0, limit: 100
2026-04-05 22:11:11,969 | INFO | [DATABASE_LAYER] | SQL_QUERY | SELECT taxis OFFSET 0 LIMIT 100
2026-04-05 22:11:11,978 | INFO | [DATABASE_LAYER] | ENDPOINT_CALL | GET /drivers/ - skip: 0, limit: 100
2026-04-05 22:11:11,979 | INFO | [DATABASE_LAYER] | SQL_QUERY | SELECT drivers OFFSET 0 LIMIT 100
2026-04-05 22:11:11,987 | INFO | [DATABASE_LAYER] | ENDPOINT_CALL | GET /students/ - skip: 0, limit: 100
2026-04-05 22:11:11,993 | INFO | [DATABASE_LAYER] | SQL_QUERY | SELECT students OFFSET 0 LIMIT 100
2026-04-05 22:11:12,008 | INFO | [DATABASE_LAYER] | ENDPOINT_CALL | GET /drivers/ - skip: 0, limit: 100
2026-04-05 22:11:12,009 | INFO | [DATABASE_LAYER] | SQL_QUERY | SELECT drivers OFFSET 0 LIMIT 100
2026-04-05 22:11:12,012 | INFO | [DATABASE_LAYER] | ENDPOINT_CALL | GET /drivers/ - skip: 0, limit: 100
2026-04-05 22:11:12,016 | INFO | [DATABASE_LAYER] | SQL_QUERY | SELECT drivers OFFSET 0 LIMIT 100
2026-04-05 22:11:12,023 | INFO | [DATABASE_LAYER] | ENDPOINT_CALL | GET /taxis/ - skip: 0, limit: 100
2026-04-05 22:11:12,024 | INFO | [DATABASE_LAYER] | SQL_QUERY | SELECT taxis OFFSET 0 LIMIT 100
2026-04-05 22:11:12,026 | INFO | [DATABASE_LAYER] | ENDPOINT_CALL | GET /taxis/ - skip: 0, limit: 100
2026-04-05 22:11:12,027 | INFO | [DATABASE_LAYER] | SQL_QUERY | SELECT taxis OFFSET 0 LIMIT 100
2026-04-05 22:11:12,029 | INFO | [DATABASE_LAYER] | ENDPOINT_CALL | GET /bicycles/ - skip: 0, limit: 100
2026-04-05 22:11:12,030 | INFO | [DATABASE_LAYER] | SQL_QUERY | SELECT bicycles OFFSET 0 LIMIT 100
2026-04-05 22:11:12,039 | INFO | [DATABASE_LAYER] | ENDPOINT_CALL | GET /students/ - skip: 0, limit: 100
2026-04-05 22:11:12,042 | INFO | [DATABASE_LAYER] | SQL_QUERY | SELECT students OFFSET 0 LIMIT 100
2026-04-05 22:11:12,045 | INFO | [DATABASE_LAYER] | ENDPOINT_CALL | GET /drivers/ - skip: 0, limit: 100
2026-04-05 22:11:12,045 | INFO | [DATABASE_LAYER] | SQL_QUERY | SELECT drivers OFFSET 0 LIMIT 100
2026-04-05 22:11:12,047 | INFO | [DATABASE_LAYER] | ENDPOINT_CALL | GET /buses/ - skip: 0, limit: 100
2026-04-05 22:11:12,047 | INFO | [DATABASE_LAYER] | SQL_QUERY | SELECT buses OFFSET 0 LIMIT 100
2026-04-05 22:11:12,050 | INFO | [DATABASE_LAYER] | ENDPOINT_CALL | GET /buses/ - skip: 0, limit: 100
2026-04-05 22:11:12,050 | INFO | [DATABASE_LAYER] | SQL_QUERY | SELECT buses OFFSET 0 LIMIT 100
2026-04-05 22:11:12,075 | INFO | [L4_TRANSPORT] | SEGMENT_COMPLETE | Total RTT (Processing): 404.41ms | Status: 200
2026-04-05 22:11:12,102 | INFO | [L7_APPLICATION] | API_REQUEST_IN | Method: GET | Path: /api/v1/drivers/
2026-04-05 22:11:12,125 | INFO | [L6_PRESENTATION] | DE-ENCAPSULATION | Received Data PDU (Size: 0 bytes)
2026-04-05 22:11:12,145 | INFO | [DATABASE_LAYER] | ENDPOINT_CALL | GET /drivers/ - skip: 0, limit: 100
2026-04-05 22:11:12,224 | INFO | [DATABASE_LAYER] | SQL_QUERY | SELECT drivers OFFSET 0 LIMIT 100
2026-04-05 22:11:12,637 | INFO | [L4_TRANSPORT] | SEGMENT_COMPLETE | Total RTT (Processing): 927.94ms | Status: 200
2026-04-05 22:11:13,343 | INFO | [L4_TRANSPORT] | SEGMENT_COMPLETE | Total RTT (Processing): 1656.64ms | Status: 200
2026-04-05 22:11:13,345 | INFO | [L4_TRANSPORT] | SEGMENT_COMPLETE | Total RTT (Processing): 1670.27ms | Status: 200
2026-04-05 22:11:13,349 | INFO | [L4_TRANSPORT] | SEGMENT_COMPLETE | Total RTT (Processing): 1670.26ms | Status: 200
2026-04-05 22:11:13,350 | INFO | [L4_TRANSPORT] | SEGMENT_COMPLETE | Total RTT (Processing): 1669.27ms | Status: 200
2026-04-05 22:11:13,351 | INFO | [L4_TRANSPORT] | SEGMENT_COMPLETE | Total RTT (Processing): 1678.87ms | Status: 200
2026-04-05 22:11:13,351 | INFO | [L4_TRANSPORT] | SEGMENT_COMPLETE | Total RTT (Processing): 1667.26ms | Status: 200
2026-04-05 22:11:13,357 | INFO | [L4_TRANSPORT] | SEGMENT_COMPLETE | Total RTT (Processing): 1679.27ms | Status: 200
2026-04-05 22:11:13,358 | INFO | [L4_TRANSPORT] | SEGMENT_COMPLETE | Total RTT (Processing): 1676.27ms | Status: 200
2026-04-05 22:11:13,359 | INFO | [L4_TRANSPORT] | SEGMENT_COMPLETE | Total RTT (Processing): 1657.37ms | Status: 200
2026-04-05 22:11:13,360 | INFO | [L4_TRANSPORT] | SEGMENT_COMPLETE | Total RTT (Processing): 1684.27ms | Status: 200
2026-04-05 22:11:13,361 | INFO | [L4_TRANSPORT] | SEGMENT_COMPLETE | Total RTT (Processing): 1662.41ms | Status: 200
2026-04-05 22:11:13,362 | INFO | [L4_TRANSPORT] | SEGMENT_COMPLETE | Total RTT (Processing): 1669.39ms | Status: 200
2026-04-05 22:11:13,363 | INFO | [L4_TRANSPORT] | SEGMENT_COMPLETE | Total RTT (Processing): 1656.31ms | Status: 200
2026-04-05 22:11:13,364 | INFO | [L4_TRANSPORT] | SEGMENT_COMPLETE | Total RTT (Processing): 1676.27ms | Status: 200
2026-04-05 22:11:13,365 | INFO | [L4_TRANSPORT] | SEGMENT_COMPLETE | Total RTT (Processing): 1647.27ms | Status: 200
2026-04-05 22:11:13,380 | INFO | [L7_APPLICATION] | API_REQUEST_IN | Method: GET | Path: /api/v1/buses/
2026-04-05 22:11:13,382 | INFO | [L6_PRESENTATION] | DE-ENCAPSULATION | Received Data PDU (Size: 0 bytes)
2026-04-05 22:11:13,392 | INFO | [DATABASE_LAYER] | ENDPOINT_CALL | GET /buses/ - skip: 0, limit: 100
2026-04-05 22:11:13,392 | INFO | [DATABASE_LAYER] | SQL_QUERY | SELECT buses OFFSET 0 LIMIT 100
2026-04-05 22:11:13,395 | INFO | [L7_APPLICATION] | API_REQUEST_IN | Method: GET | Path: /api/v1/taxis/
2026-04-05 22:11:13,396 | INFO | [L6_PRESENTATION] | DE-ENCAPSULATION | Received Data PDU (Size: 0 bytes)
2026-04-05 22:11:13,413 | INFO | [DATABASE_LAYER] | ENDPOINT_CALL | GET /taxis/ - skip: 0, limit: 100
2026-04-05 22:11:13,415 | INFO | [DATABASE_LAYER] | SQL_QUERY | SELECT taxis OFFSET 0 LIMIT 100
2026-04-05 22:11:13,437 | INFO | [L4_TRANSPORT] | SEGMENT_COMPLETE | Total RTT (Processing): 1703.29ms | Status: 200
2026-04-05 22:11:13,467 | INFO | [L4_TRANSPORT] | SEGMENT_COMPLETE | Total RTT (Processing): 1745.41ms | Status: 200
2026-04-05 22:11:13,471 | INFO | [L4_TRANSPORT] | SEGMENT_COMPLETE | Total RTT (Processing): 1747.51ms | Status: 200
2026-04-05 22:11:13,472 | INFO | [L4_TRANSPORT] | SEGMENT_COMPLETE | Total RTT (Processing): 1741.46ms | Status: 200
2026-04-05 22:11:13,474 | INFO | [L4_TRANSPORT] | SEGMENT_COMPLETE | Total RTT (Processing): 1745.04ms | Status: 200
2026-04-05 22:11:13,475 | INFO | [L4_TRANSPORT] | SEGMENT_COMPLETE | Total RTT (Processing): 1748.03ms | Status: 200
2026-04-05 22:11:13,484 | INFO | [L4_TRANSPORT] | SEGMENT_COMPLETE | Total RTT (Processing): 1739.67ms | Status: 200
2026-04-05 22:11:13,485 | INFO | [L4_TRANSPORT] | SEGMENT_COMPLETE | Total RTT (Processing): 104.51ms | Status: 200
2026-04-05 22:11:13,487 | INFO | [L4_TRANSPORT] | SEGMENT_COMPLETE | Total RTT (Processing): 1384.87ms | Status: 200
2026-04-05 22:11:13,491 | INFO | [L7_APPLICATION] | API_REQUEST_IN | Method: GET | Path: /api/v1/bicycles/
2026-04-05 22:11:13,492 | INFO | [L6_PRESENTATION] | DE-ENCAPSULATION | Received Data PDU (Size: 0 bytes)
2026-04-05 22:11:13,498 | INFO | [DATABASE_LAYER] | ENDPOINT_CALL | GET /bicycles/ - skip: 0, limit: 100
2026-04-05 22:11:13,499 | INFO | [DATABASE_LAYER] | SQL_QUERY | SELECT bicycles OFFSET 0 LIMIT 100
2026-04-05 22:11:13,501 | INFO | [L4_TRANSPORT] | SEGMENT_COMPLETE | Total RTT (Processing): 106.10ms | Status: 200
2026-04-05 22:11:13,518 | INFO | [L4_TRANSPORT] | SEGMENT_COMPLETE | Total RTT (Processing): 27.34ms | Status: 200
2026-04-05 22:25:25,522 | INFO | [L7_APPLICATION] | API_REQUEST_IN | Method: GET | Path: /api/v1/students/
2026-04-05 22:25:25,524 | INFO | [L6_PRESENTATION] | DE-ENCAPSULATION | Received Data PDU (Size: 0 bytes)
2026-04-05 22:25:25,537 | INFO | [DATABASE_LAYER] | ENDPOINT_CALL | GET /students/ - skip: 0, limit: 100
2026-04-05 22:25:25,539 | INFO | [DATABASE_LAYER] | SQL_QUERY | SELECT students OFFSET 0 LIMIT 100
2026-04-05 22:25:25,544 | INFO | [L7_APPLICATION] | API_REQUEST_IN | Method: GET | Path: /api/v1/taxis/
2026-04-05 22:25:25,555 | INFO | [L6_PRESENTATION] | DE-ENCAPSULATION | Received Data PDU (Size: 0 bytes)
2026-04-05 22:25:25,557 | INFO | [L7_APPLICATION] | API_REQUEST_IN | Method: GET | Path: /api/v1/buses/
2026-04-05 22:25:25,559 | INFO | [L6_PRESENTATION] | DE-ENCAPSULATION | Received Data PDU (Size: 0 bytes)
2026-04-05 22:25:25,577 | INFO | [DATABASE_LAYER] | ENDPOINT_CALL | GET /taxis/ - skip: 0, limit: 100
2026-04-05 22:25:25,589 | INFO | [DATABASE_LAYER] | SQL_QUERY | SELECT taxis OFFSET 0 LIMIT 100
2026-04-05 22:25:25,606 | INFO | [DATABASE_LAYER] | ENDPOINT_CALL | GET /buses/ - skip: 0, limit: 100
2026-04-05 22:25:25,608 | INFO | [DATABASE_LAYER] | SQL_QUERY | SELECT buses OFFSET 0 LIMIT 100
2026-04-05 22:25:25,647 | INFO | [L7_APPLICATION] | API_REQUEST_IN | Method: GET | Path: /api/v1/drivers/
2026-04-05 22:25:25,650 | INFO | [L6_PRESENTATION] | DE-ENCAPSULATION | Received Data PDU (Size: 0 bytes)
2026-04-05 22:25:25,659 | INFO | [DATABASE_LAYER] | ENDPOINT_CALL | GET /drivers/ - skip: 0, limit: 100
2026-04-05 22:25:25,660 | INFO | [DATABASE_LAYER] | SQL_QUERY | SELECT drivers OFFSET 0 LIMIT 100
2026-04-05 22:25:25,717 | INFO | [L7_APPLICATION] | API_REQUEST_IN | Method: GET | Path: /api/v1/bicycles/
2026-04-05 22:25:25,764 | INFO | [L6_PRESENTATION] | DE-ENCAPSULATION | Received Data PDU (Size: 0 bytes)
2026-04-05 22:25:25,795 | INFO | [DATABASE_LAYER] | ENDPOINT_CALL | GET /bicycles/ - skip: 0, limit: 100
2026-04-05 22:25:25,797 | INFO | [DATABASE_LAYER] | SQL_QUERY | SELECT bicycles OFFSET 0 LIMIT 100
2026-04-05 22:25:25,827 | INFO | [L4_TRANSPORT] | SEGMENT_COMPLETE | Total RTT (Processing): 283.08ms | Status: 200
2026-04-05 22:25:25,846 | INFO | [L4_TRANSPORT] | SEGMENT_COMPLETE | Total RTT (Processing): 324.60ms | Status: 200
2026-04-05 22:25:25,870 | INFO | [L4_TRANSPORT] | SEGMENT_COMPLETE | Total RTT (Processing): 223.20ms | Status: 200
2026-04-05 22:25:25,920 | INFO | [L4_TRANSPORT] | SEGMENT_COMPLETE | Total RTT (Processing): 362.42ms | Status: 200
2026-04-05 22:25:26,002 | INFO | [L4_TRANSPORT] | SEGMENT_COMPLETE | Total RTT (Processing): 284.37ms | Status: 200
2026-04-05 22:25:29,727 | INFO | [L7_APPLICATION] | API_REQUEST_IN | Method: GET | Path: /api/v1/students/
2026-04-05 22:25:29,729 | INFO | [L6_PRESENTATION] | DE-ENCAPSULATION | Received Data PDU (Size: 0 bytes)
2026-04-05 22:25:29,730 | INFO | [DATABASE_LAYER] | ENDPOINT_CALL | GET /students/ - skip: 0, limit: 100
2026-04-05 22:25:29,731 | INFO | [DATABASE_LAYER] | SQL_QUERY | SELECT students OFFSET 0 LIMIT 100
2026-04-05 22:25:29,735 | INFO | [L7_APPLICATION] | API_REQUEST_IN | Method: GET | Path: /api/v1/taxis/
2026-04-05 22:25:29,736 | INFO | [L6_PRESENTATION] | DE-ENCAPSULATION | Received Data PDU (Size: 0 bytes)
2026-04-05 22:25:29,737 | INFO | [L7_APPLICATION] | API_REQUEST_IN | Method: GET | Path: /api/v1/buses/
2026-04-05 22:25:29,738 | INFO | [L6_PRESENTATION] | DE-ENCAPSULATION | Received Data PDU (Size: 0 bytes)
2026-04-05 22:25:29,739 | INFO | [L7_APPLICATION] | API_REQUEST_IN | Method: GET | Path: /api/v1/drivers/
2026-04-05 22:25:29,740 | INFO | [L6_PRESENTATION] | DE-ENCAPSULATION | Received Data PDU (Size: 0 bytes)
2026-04-05 22:25:29,742 | INFO | [DATABASE_LAYER] | ENDPOINT_CALL | GET /taxis/ - skip: 0, limit: 100
2026-04-05 22:25:29,743 | INFO | [DATABASE_LAYER] | SQL_QUERY | SELECT taxis OFFSET 0 LIMIT 100
2026-04-05 22:25:29,746 | INFO | [DATABASE_LAYER] | ENDPOINT_CALL | GET /buses/ - skip: 0, limit: 100
2026-04-05 22:25:29,747 | INFO | [DATABASE_LAYER] | SQL_QUERY | SELECT buses OFFSET 0 LIMIT 100
2026-04-05 22:25:29,748 | INFO | [DATABASE_LAYER] | ENDPOINT_CALL | GET /drivers/ - skip: 0, limit: 100
2026-04-05 22:25:29,749 | INFO | [DATABASE_LAYER] | SQL_QUERY | SELECT drivers OFFSET 0 LIMIT 100
2026-04-05 22:25:29,751 | INFO | [L7_APPLICATION] | API_REQUEST_IN | Method: GET | Path: /api/v1/bicycles/
2026-04-05 22:25:29,752 | INFO | [L6_PRESENTATION] | DE-ENCAPSULATION | Received Data PDU (Size: 0 bytes)
2026-04-05 22:25:29,753 | INFO | [DATABASE_LAYER] | ENDPOINT_CALL | GET /bicycles/ - skip: 0, limit: 100
2026-04-05 22:25:29,754 | INFO | [DATABASE_LAYER] | SQL_QUERY | SELECT bicycles OFFSET 0 LIMIT 100
2026-04-05 22:25:29,757 | INFO | [L4_TRANSPORT] | SEGMENT_COMPLETE | Total RTT (Processing): 6.00ms | Status: 200
2026-04-05 22:25:29,763 | INFO | [L4_TRANSPORT] | SEGMENT_COMPLETE | Total RTT (Processing): 23.69ms | Status: 200
2026-04-05 22:25:29,764 | INFO | [L4_TRANSPORT] | SEGMENT_COMPLETE | Total RTT (Processing): 26.69ms | Status: 200
2026-04-05 22:25:29,765 | INFO | [L4_TRANSPORT] | SEGMENT_COMPLETE | Total RTT (Processing): 37.35ms | Status: 200
2026-04-05 22:25:29,767 | INFO | [L4_TRANSPORT] | SEGMENT_COMPLETE | Total RTT (Processing): 31.70ms | Status: 200
2026-04-05 22:25:29,775 | INFO | [L7_APPLICATION] | API_REQUEST_IN | Method: GET | Path: /api/v1/bicycles/
2026-04-05 22:25:29,776 | INFO | [L6_PRESENTATION] | DE-ENCAPSULATION | Received Data PDU (Size: 0 bytes)
2026-04-05 22:25:29,778 | INFO | [DATABASE_LAYER] | ENDPOINT_CALL | GET /bicycles/ - skip: 0, limit: 100
2026-04-05 22:25:29,779 | INFO | [DATABASE_LAYER] | SQL_QUERY | SELECT bicycles OFFSET 0 LIMIT 100
2026-04-05 22:25:29,780 | INFO | [L7_APPLICATION] | API_REQUEST_IN | Method: GET | Path: /api/v1/drivers/
2026-04-05 22:25:29,781 | INFO | [L6_PRESENTATION] | DE-ENCAPSULATION | Received Data PDU (Size: 0 bytes)
2026-04-05 22:25:29,783 | INFO | [DATABASE_LAYER] | ENDPOINT_CALL | GET /drivers/ - skip: 0, limit: 100
2026-04-05 22:25:29,783 | INFO | [DATABASE_LAYER] | SQL_QUERY | SELECT drivers OFFSET 0 LIMIT 100
2026-04-05 22:25:29,785 | INFO | [L7_APPLICATION] | API_REQUEST_IN | Method: GET | Path: /api/v1/buses/
2026-04-05 22:25:29,786 | INFO | [L6_PRESENTATION] | DE-ENCAPSULATION | Received Data PDU (Size: 0 bytes)
2026-04-05 22:25:29,787 | INFO | [L7_APPLICATION] | API_REQUEST_IN | Method: GET | Path: /api/v1/students/
2026-04-05 22:25:29,787 | INFO | [L6_PRESENTATION] | DE-ENCAPSULATION | Received Data PDU (Size: 0 bytes)
2026-04-05 22:25:29,788 | INFO | [L7_APPLICATION] | API_REQUEST_IN | Method: GET | Path: /api/v1/taxis/
2026-04-05 22:25:29,788 | INFO | [L6_PRESENTATION] | DE-ENCAPSULATION | Received Data PDU (Size: 0 bytes)
2026-04-05 22:25:29,790 | INFO | [DATABASE_LAYER] | ENDPOINT_CALL | GET /buses/ - skip: 0, limit: 100
2026-04-05 22:25:29,790 | INFO | [DATABASE_LAYER] | SQL_QUERY | SELECT buses OFFSET 0 LIMIT 100
2026-04-05 22:25:29,791 | INFO | [DATABASE_LAYER] | ENDPOINT_CALL | GET /students/ - skip: 0, limit: 100
2026-04-05 22:25:29,792 | INFO | [DATABASE_LAYER] | SQL_QUERY | SELECT students OFFSET 0 LIMIT 100
2026-04-05 22:25:29,795 | INFO | [DATABASE_LAYER] | ENDPOINT_CALL | GET /taxis/ - skip: 0, limit: 100
2026-04-05 22:25:29,796 | INFO | [DATABASE_LAYER] | SQL_QUERY | SELECT taxis OFFSET 0 LIMIT 100
2026-04-05 22:25:29,799 | INFO | [L4_TRANSPORT] | SEGMENT_COMPLETE | Total RTT (Processing): 24.00ms | Status: 200
2026-04-05 22:25:29,802 | INFO | [L4_TRANSPORT] | SEGMENT_COMPLETE | Total RTT (Processing): 22.00ms | Status: 200
2026-04-05 22:25:29,803 | INFO | [L4_TRANSPORT] | SEGMENT_COMPLETE | Total RTT (Processing): 18.00ms | Status: 200
2026-04-05 22:25:29,804 | INFO | [L4_TRANSPORT] | SEGMENT_COMPLETE | Total RTT (Processing): 17.00ms | Status: 200
2026-04-05 22:25:29,805 | INFO | [L4_TRANSPORT] | SEGMENT_COMPLETE | Total RTT (Processing): 17.00ms | Status: 200
2026-04-05 22:26:18,738 | INFO | [L7_APPLICATION] | API_REQUEST_IN | Method: GET | Path: /api/v1/students/
2026-04-05 22:26:18,739 | INFO | [L6_PRESENTATION] | DE-ENCAPSULATION | Received Data PDU (Size: 0 bytes)
2026-04-05 22:26:18,740 | INFO | [DATABASE_LAYER] | ENDPOINT_CALL | GET /students/ - skip: 0, limit: 100
2026-04-05 22:26:18,740 | INFO | [DATABASE_LAYER] | SQL_QUERY | SELECT students OFFSET 0 LIMIT 100
2026-04-05 22:26:18,745 | INFO | [L7_APPLICATION] | API_REQUEST_IN | Method: GET | Path: /api/v1/taxis/
2026-04-05 22:26:18,745 | INFO | [L6_PRESENTATION] | DE-ENCAPSULATION | Received Data PDU (Size: 0 bytes)
2026-04-05 22:26:18,746 | INFO | [L7_APPLICATION] | API_REQUEST_IN | Method: GET | Path: /api/v1/buses/
2026-04-05 22:26:18,747 | INFO | [L6_PRESENTATION] | DE-ENCAPSULATION | Received Data PDU (Size: 0 bytes)
2026-04-05 22:26:18,747 | INFO | [L7_APPLICATION] | API_REQUEST_IN | Method: GET | Path: /api/v1/bicycles/
2026-04-05 22:26:18,748 | INFO | [L6_PRESENTATION] | DE-ENCAPSULATION | Received Data PDU (Size: 0 bytes)
2026-04-05 22:26:18,749 | INFO | [L7_APPLICATION] | API_REQUEST_IN | Method: GET | Path: /api/v1/drivers/
2026-04-05 22:26:18,749 | INFO | [L6_PRESENTATION] | DE-ENCAPSULATION | Received Data PDU (Size: 0 bytes)
2026-04-05 22:26:18,751 | INFO | [DATABASE_LAYER] | ENDPOINT_CALL | GET /taxis/ - skip: 0, limit: 100
2026-04-05 22:26:18,752 | INFO | [DATABASE_LAYER] | SQL_QUERY | SELECT taxis OFFSET 0 LIMIT 100
2026-04-05 22:26:18,755 | INFO | [DATABASE_LAYER] | ENDPOINT_CALL | GET /buses/ - skip: 0, limit: 100
2026-04-05 22:26:18,756 | INFO | [DATABASE_LAYER] | SQL_QUERY | SELECT buses OFFSET 0 LIMIT 100
2026-04-05 22:26:18,759 | INFO | [DATABASE_LAYER] | ENDPOINT_CALL | GET /bicycles/ - skip: 0, limit: 100
2026-04-05 22:26:18,759 | INFO | [DATABASE_LAYER] | SQL_QUERY | SELECT bicycles OFFSET 0 LIMIT 100
2026-04-05 22:26:18,761 | INFO | [DATABASE_LAYER] | ENDPOINT_CALL | GET /drivers/ - skip: 0, limit: 100
2026-04-05 22:26:18,762 | INFO | [DATABASE_LAYER] | SQL_QUERY | SELECT drivers OFFSET 0 LIMIT 100
2026-04-05 22:26:18,765 | INFO | [L4_TRANSPORT] | SEGMENT_COMPLETE | Total RTT (Processing): 27.56ms | Status: 200
2026-04-05 22:26:18,769 | INFO | [L4_TRANSPORT] | SEGMENT_COMPLETE | Total RTT (Processing): 24.57ms | Status: 200
2026-04-05 22:26:18,770 | INFO | [L4_TRANSPORT] | SEGMENT_COMPLETE | Total RTT (Processing): 24.57ms | Status: 200
2026-04-05 22:26:18,771 | INFO | [L4_TRANSPORT] | SEGMENT_COMPLETE | Total RTT (Processing): 24.58ms | Status: 200
2026-04-05 22:26:18,780 | INFO | [L4_TRANSPORT] | SEGMENT_COMPLETE | Total RTT (Processing): 30.57ms | Status: 200
2026-04-05 22:26:35,151 | INFO | [L7_APPLICATION] | API_REQUEST_IN | Method: GET | Path: /api/v1/students/
2026-04-05 22:26:35,158 | INFO | [L6_PRESENTATION] | DE-ENCAPSULATION | Received Data PDU (Size: 0 bytes)
2026-04-05 22:26:35,163 | INFO | [DATABASE_LAYER] | ENDPOINT_CALL | GET /students/ - skip: 0, limit: 100
2026-04-05 22:26:35,165 | INFO | [DATABASE_LAYER] | SQL_QUERY | SELECT students OFFSET 0 LIMIT 100
2026-04-05 22:26:35,194 | INFO | [L7_APPLICATION] | API_REQUEST_IN | Method: GET | Path: /api/v1/bicycles/
2026-04-05 22:26:35,206 | INFO | [L6_PRESENTATION] | DE-ENCAPSULATION | Received Data PDU (Size: 0 bytes)
2026-04-05 22:26:35,208 | INFO | [L7_APPLICATION] | API_REQUEST_IN | Method: GET | Path: /api/v1/drivers/
2026-04-05 22:26:35,210 | INFO | [L6_PRESENTATION] | DE-ENCAPSULATION | Received Data PDU (Size: 0 bytes)
2026-04-05 22:26:35,221 | INFO | [L7_APPLICATION] | API_REQUEST_IN | Method: GET | Path: /api/v1/taxis/
2026-04-05 22:26:35,225 | INFO | [L6_PRESENTATION] | DE-ENCAPSULATION | Received Data PDU (Size: 0 bytes)
2026-04-05 22:26:35,228 | INFO | [L7_APPLICATION] | API_REQUEST_IN | Method: GET | Path: /api/v1/buses/
2026-04-05 22:26:35,230 | INFO | [L6_PRESENTATION] | DE-ENCAPSULATION | Received Data PDU (Size: 0 bytes)
2026-04-05 22:26:35,244 | INFO | [DATABASE_LAYER] | ENDPOINT_CALL | GET /bicycles/ - skip: 0, limit: 100
2026-04-05 22:26:35,245 | INFO | [DATABASE_LAYER] | SQL_QUERY | SELECT bicycles OFFSET 0 LIMIT 100
2026-04-05 22:26:35,272 | INFO | [DATABASE_LAYER] | ENDPOINT_CALL | GET /drivers/ - skip: 0, limit: 100
2026-04-05 22:26:35,278 | INFO | [DATABASE_LAYER] | SQL_QUERY | SELECT drivers OFFSET 0 LIMIT 100
2026-04-05 22:26:35,285 | INFO | [DATABASE_LAYER] | ENDPOINT_CALL | GET /taxis/ - skip: 0, limit: 100
2026-04-05 22:26:35,288 | INFO | [DATABASE_LAYER] | SQL_QUERY | SELECT taxis OFFSET 0 LIMIT 100
2026-04-05 22:26:35,310 | INFO | [DATABASE_LAYER] | ENDPOINT_CALL | GET /buses/ - skip: 0, limit: 100
2026-04-05 22:26:35,329 | INFO | [DATABASE_LAYER] | SQL_QUERY | SELECT buses OFFSET 0 LIMIT 100
2026-04-05 22:26:35,385 | INFO | [L4_TRANSPORT] | SEGMENT_COMPLETE | Total RTT (Processing): 233.64ms | Status: 200
2026-04-05 22:26:35,444 | INFO | [L4_TRANSPORT] | SEGMENT_COMPLETE | Total RTT (Processing): 249.92ms | Status: 200
2026-04-05 22:26:35,463 | INFO | [L4_TRANSPORT] | SEGMENT_COMPLETE | Total RTT (Processing): 255.46ms | Status: 200
2026-04-05 22:26:35,476 | INFO | [L4_TRANSPORT] | SEGMENT_COMPLETE | Total RTT (Processing): 255.45ms | Status: 200
2026-04-05 22:26:35,484 | INFO | [L4_TRANSPORT] | SEGMENT_COMPLETE | Total RTT (Processing): 256.25ms | Status: 200
2026-04-05 22:26:35,579 | INFO | [L7_APPLICATION] | API_REQUEST_IN | Method: GET | Path: /api/v1/students/
2026-04-05 22:26:35,604 | INFO | [L6_PRESENTATION] | DE-ENCAPSULATION | Received Data PDU (Size: 0 bytes)
2026-04-05 22:26:35,645 | INFO | [DATABASE_LAYER] | ENDPOINT_CALL | GET /students/ - skip: 0, limit: 100
2026-04-05 22:26:35,647 | INFO | [DATABASE_LAYER] | SQL_QUERY | SELECT students OFFSET 0 LIMIT 100
2026-04-05 22:26:35,679 | INFO | [L7_APPLICATION] | API_REQUEST_IN | Method: GET | Path: /api/v1/bicycles/
2026-04-05 22:26:35,696 | INFO | [L6_PRESENTATION] | DE-ENCAPSULATION | Received Data PDU (Size: 0 bytes)
2026-04-05 22:26:35,741 | INFO | [DATABASE_LAYER] | ENDPOINT_CALL | GET /bicycles/ - skip: 0, limit: 100
2026-04-05 22:26:35,752 | INFO | [DATABASE_LAYER] | SQL_QUERY | SELECT bicycles OFFSET 0 LIMIT 100
2026-04-05 22:26:35,835 | INFO | [L7_APPLICATION] | API_REQUEST_IN | Method: GET | Path: /api/v1/drivers/
2026-04-05 22:26:35,860 | INFO | [L6_PRESENTATION] | DE-ENCAPSULATION | Received Data PDU (Size: 0 bytes)
2026-04-05 22:26:35,863 | INFO | [L7_APPLICATION] | API_REQUEST_IN | Method: GET | Path: /api/v1/taxis/
2026-04-05 22:26:35,867 | INFO | [L6_PRESENTATION] | DE-ENCAPSULATION | Received Data PDU (Size: 0 bytes)
2026-04-05 22:26:35,904 | INFO | [L7_APPLICATION] | API_REQUEST_IN | Method: GET | Path: /api/v1/buses/
2026-04-05 22:26:35,931 | INFO | [L6_PRESENTATION] | DE-ENCAPSULATION | Received Data PDU (Size: 0 bytes)
2026-04-05 22:26:35,950 | INFO | [DATABASE_LAYER] | ENDPOINT_CALL | GET /drivers/ - skip: 0, limit: 100
2026-04-05 22:26:35,961 | INFO | [DATABASE_LAYER] | SQL_QUERY | SELECT drivers OFFSET 0 LIMIT 100
2026-04-05 22:26:36,018 | INFO | [DATABASE_LAYER] | ENDPOINT_CALL | GET /taxis/ - skip: 0, limit: 100
2026-04-05 22:26:36,045 | INFO | [DATABASE_LAYER] | SQL_QUERY | SELECT taxis OFFSET 0 LIMIT 100
2026-04-05 22:26:36,062 | INFO | [DATABASE_LAYER] | ENDPOINT_CALL | GET /buses/ - skip: 0, limit: 100
2026-04-05 22:26:36,090 | INFO | [DATABASE_LAYER] | SQL_QUERY | SELECT buses OFFSET 0 LIMIT 100
2026-04-05 22:26:36,111 | INFO | [L4_TRANSPORT] | SEGMENT_COMPLETE | Total RTT (Processing): 532.64ms | Status: 200
2026-04-05 22:26:36,129 | INFO | [L4_TRANSPORT] | SEGMENT_COMPLETE | Total RTT (Processing): 450.88ms | Status: 200
2026-04-05 22:26:36,154 | INFO | [L4_TRANSPORT] | SEGMENT_COMPLETE | Total RTT (Processing): 287.33ms | Status: 200
2026-04-05 22:26:36,180 | INFO | [L4_TRANSPORT] | SEGMENT_COMPLETE | Total RTT (Processing): 346.34ms | Status: 200
2026-04-05 22:26:36,226 | INFO | [L4_TRANSPORT] | SEGMENT_COMPLETE | Total RTT (Processing): 322.84ms | Status: 200
2026-04-05 22:26:39,087 | INFO | [L7_APPLICATION] | API_REQUEST_IN | Method: GET | Path: /api/v1/students/
2026-04-05 22:26:39,088 | INFO | [L6_PRESENTATION] | DE-ENCAPSULATION | Received Data PDU (Size: 0 bytes)
2026-04-05 22:26:39,090 | INFO | [DATABASE_LAYER] | ENDPOINT_CALL | GET /students/ - skip: 0, limit: 100
2026-04-05 22:26:39,091 | INFO | [DATABASE_LAYER] | SQL_QUERY | SELECT students OFFSET 0 LIMIT 100
2026-04-05 22:26:39,096 | INFO | [L7_APPLICATION] | API_REQUEST_IN | Method: GET | Path: /api/v1/drivers/
2026-04-05 22:26:39,096 | INFO | [L6_PRESENTATION] | DE-ENCAPSULATION | Received Data PDU (Size: 0 bytes)
2026-04-05 22:26:39,098 | INFO | [L7_APPLICATION] | API_REQUEST_IN | Method: GET | Path: /api/v1/bicycles/
2026-04-05 22:26:39,099 | INFO | [L6_PRESENTATION] | DE-ENCAPSULATION | Received Data PDU (Size: 0 bytes)
2026-04-05 22:26:39,100 | INFO | [L7_APPLICATION] | API_REQUEST_IN | Method: GET | Path: /api/v1/taxis/
2026-04-05 22:26:39,101 | INFO | [L6_PRESENTATION] | DE-ENCAPSULATION | Received Data PDU (Size: 0 bytes)
2026-04-05 22:26:39,102 | INFO | [L7_APPLICATION] | API_REQUEST_IN | Method: GET | Path: /api/v1/buses/
2026-04-05 22:26:39,103 | INFO | [L6_PRESENTATION] | DE-ENCAPSULATION | Received Data PDU (Size: 0 bytes)
2026-04-05 22:26:39,105 | INFO | [DATABASE_LAYER] | ENDPOINT_CALL | GET /drivers/ - skip: 0, limit: 100
2026-04-05 22:26:39,106 | INFO | [DATABASE_LAYER] | SQL_QUERY | SELECT drivers OFFSET 0 LIMIT 100
2026-04-05 22:26:39,108 | INFO | [DATABASE_LAYER] | ENDPOINT_CALL | GET /bicycles/ - skip: 0, limit: 100
2026-04-05 22:26:39,109 | INFO | [DATABASE_LAYER] | SQL_QUERY | SELECT bicycles OFFSET 0 LIMIT 100
2026-04-05 22:26:39,111 | INFO | [DATABASE_LAYER] | ENDPOINT_CALL | GET /taxis/ - skip: 0, limit: 100
2026-04-05 22:26:39,112 | INFO | [DATABASE_LAYER] | SQL_QUERY | SELECT taxis OFFSET 0 LIMIT 100
2026-04-05 22:26:39,115 | INFO | [DATABASE_LAYER] | ENDPOINT_CALL | GET /buses/ - skip: 0, limit: 100
2026-04-05 22:26:39,116 | INFO | [DATABASE_LAYER] | SQL_QUERY | SELECT buses OFFSET 0 LIMIT 100
2026-04-05 22:26:39,120 | INFO | [L4_TRANSPORT] | SEGMENT_COMPLETE | Total RTT (Processing): 31.54ms | Status: 200
2026-04-05 22:26:39,123 | INFO | [L4_TRANSPORT] | SEGMENT_COMPLETE | Total RTT (Processing): 27.53ms | Status: 200
2026-04-05 22:26:39,124 | INFO | [L4_TRANSPORT] | SEGMENT_COMPLETE | Total RTT (Processing): 23.54ms | Status: 200
2026-04-05 22:26:39,125 | INFO | [L4_TRANSPORT] | SEGMENT_COMPLETE | Total RTT (Processing): 26.54ms | Status: 200
2026-04-05 22:26:39,126 | INFO | [L4_TRANSPORT] | SEGMENT_COMPLETE | Total RTT (Processing): 23.54ms | Status: 200
2026-04-05 22:26:39,135 | INFO | [L7_APPLICATION] | API_REQUEST_IN | Method: GET | Path: /api/v1/students/
2026-04-05 22:26:39,136 | INFO | [L6_PRESENTATION] | DE-ENCAPSULATION | Received Data PDU (Size: 0 bytes)
2026-04-05 22:26:39,139 | INFO | [DATABASE_LAYER] | ENDPOINT_CALL | GET /students/ - skip: 0, limit: 100
2026-04-05 22:26:39,140 | INFO | [DATABASE_LAYER] | SQL_QUERY | SELECT students OFFSET 0 LIMIT 100
2026-04-05 22:26:39,143 | INFO | [L7_APPLICATION] | API_REQUEST_IN | Method: GET | Path: /api/v1/drivers/
2026-04-05 22:26:39,144 | INFO | [L6_PRESENTATION] | DE-ENCAPSULATION | Received Data PDU (Size: 0 bytes)
2026-04-05 22:26:39,148 | INFO | [DATABASE_LAYER] | ENDPOINT_CALL | GET /drivers/ - skip: 0, limit: 100
2026-04-05 22:26:39,149 | INFO | [DATABASE_LAYER] | SQL_QUERY | SELECT drivers OFFSET 0 LIMIT 100
2026-04-05 22:26:39,154 | INFO | [L7_APPLICATION] | API_REQUEST_IN | Method: GET | Path: /api/v1/taxis/
2026-04-05 22:26:39,155 | INFO | [L6_PRESENTATION] | DE-ENCAPSULATION | Received Data PDU (Size: 0 bytes)
2026-04-05 22:26:39,157 | INFO | [L7_APPLICATION] | API_REQUEST_IN | Method: GET | Path: /api/v1/buses/
2026-04-05 22:26:39,158 | INFO | [L6_PRESENTATION] | DE-ENCAPSULATION | Received Data PDU (Size: 0 bytes)
2026-04-05 22:26:39,159 | INFO | [L7_APPLICATION] | API_REQUEST_IN | Method: GET | Path: /api/v1/bicycles/
2026-04-05 22:26:39,160 | INFO | [L6_PRESENTATION] | DE-ENCAPSULATION | Received Data PDU (Size: 0 bytes)
2026-04-05 22:26:39,162 | INFO | [DATABASE_LAYER] | ENDPOINT_CALL | GET /taxis/ - skip: 0, limit: 100
2026-04-05 22:26:39,163 | INFO | [DATABASE_LAYER] | SQL_QUERY | SELECT taxis OFFSET 0 LIMIT 100
2026-04-05 22:26:39,165 | INFO | [DATABASE_LAYER] | ENDPOINT_CALL | GET /buses/ - skip: 0, limit: 100
2026-04-05 22:26:39,166 | INFO | [DATABASE_LAYER] | SQL_QUERY | SELECT buses OFFSET 0 LIMIT 100
2026-04-05 22:26:39,169 | INFO | [DATABASE_LAYER] | ENDPOINT_CALL | GET /bicycles/ - skip: 0, limit: 100
2026-04-05 22:26:39,169 | INFO | [DATABASE_LAYER] | SQL_QUERY | SELECT bicycles OFFSET 0 LIMIT 100
2026-04-05 22:26:39,173 | INFO | [L4_TRANSPORT] | SEGMENT_COMPLETE | Total RTT (Processing): 38.08ms | Status: 200
2026-04-05 22:26:39,177 | INFO | [L4_TRANSPORT] | SEGMENT_COMPLETE | Total RTT (Processing): 34.24ms | Status: 200
2026-04-05 22:26:39,191 | INFO | [L4_TRANSPORT] | SEGMENT_COMPLETE | Total RTT (Processing): 37.07ms | Status: 200
2026-04-05 22:26:39,197 | INFO | [L4_TRANSPORT] | SEGMENT_COMPLETE | Total RTT (Processing): 40.08ms | Status: 200
2026-04-05 22:26:39,200 | INFO | [L4_TRANSPORT] | SEGMENT_COMPLETE | Total RTT (Processing): 40.53ms | Status: 200
2026-04-05 22:40:00,191 | INFO | [L7_APPLICATION] | API_REQUEST_IN | Method: GET | Path: /api/v1/students/
2026-04-05 22:40:00,488 | INFO | [L6_PRESENTATION] | DE-ENCAPSULATION | Received Data PDU (Size: 0 bytes)
2026-04-05 22:40:00,660 | INFO | [DATABASE_LAYER] | ENDPOINT_CALL | GET /students/ - skip: 0, limit: 100
2026-04-05 22:40:00,899 | INFO | [DATABASE_LAYER] | SQL_QUERY | SELECT students OFFSET 0 LIMIT 100
2026-04-05 22:40:02,706 | INFO | [L7_APPLICATION] | API_REQUEST_IN | Method: GET | Path: /api/v1/drivers/
2026-04-05 22:40:02,716 | INFO | [L6_PRESENTATION] | DE-ENCAPSULATION | Received Data PDU (Size: 0 bytes)
2026-04-05 22:40:02,785 | INFO | [L7_APPLICATION] | API_REQUEST_IN | Method: GET | Path: /api/v1/bicycles/
2026-04-05 22:40:02,869 | INFO | [L6_PRESENTATION] | DE-ENCAPSULATION | Received Data PDU (Size: 0 bytes)
2026-04-05 22:40:02,914 | INFO | [L7_APPLICATION] | API_REQUEST_IN | Method: GET | Path: /api/v1/taxis/
2026-04-05 22:40:02,967 | INFO | [L6_PRESENTATION] | DE-ENCAPSULATION | Received Data PDU (Size: 0 bytes)
2026-04-05 22:40:03,056 | INFO | [L7_APPLICATION] | API_REQUEST_IN | Method: GET | Path: /api/v1/buses/
2026-04-05 22:40:03,144 | INFO | [L6_PRESENTATION] | DE-ENCAPSULATION | Received Data PDU (Size: 0 bytes)
2026-04-05 22:40:03,216 | INFO | [DATABASE_LAYER] | ENDPOINT_CALL | GET /drivers/ - skip: 0, limit: 100
2026-04-05 22:40:03,266 | INFO | [DATABASE_LAYER] | SQL_QUERY | SELECT drivers OFFSET 0 LIMIT 100
2026-04-05 22:40:03,329 | INFO | [DATABASE_LAYER] | ENDPOINT_CALL | GET /bicycles/ - skip: 0, limit: 100
2026-04-05 22:40:03,357 | INFO | [DATABASE_LAYER] | SQL_QUERY | SELECT bicycles OFFSET 0 LIMIT 100
2026-04-05 22:40:03,370 | INFO | [DATABASE_LAYER] | ENDPOINT_CALL | GET /taxis/ - skip: 0, limit: 100
2026-04-05 22:40:03,372 | INFO | [DATABASE_LAYER] | SQL_QUERY | SELECT taxis OFFSET 0 LIMIT 100
2026-04-05 22:40:03,407 | INFO | [DATABASE_LAYER] | ENDPOINT_CALL | GET /buses/ - skip: 0, limit: 100
2026-04-05 22:40:03,443 | INFO | [DATABASE_LAYER] | SQL_QUERY | SELECT buses OFFSET 0 LIMIT 100
2026-04-05 22:40:03,530 | INFO | [L4_TRANSPORT] | SEGMENT_COMPLETE | Total RTT (Processing): 3338.19ms | Status: 200
2026-04-05 22:40:03,538 | INFO | [L4_TRANSPORT] | SEGMENT_COMPLETE | Total RTT (Processing): 832.87ms | Status: 200
2026-04-05 22:40:03,541 | INFO | [L4_TRANSPORT] | SEGMENT_COMPLETE | Total RTT (Processing): 628.42ms | Status: 200
2026-04-05 22:40:03,560 | INFO | [L4_TRANSPORT] | SEGMENT_COMPLETE | Total RTT (Processing): 502.85ms | Status: 200
2026-04-05 22:40:03,687 | INFO | [L4_TRANSPORT] | SEGMENT_COMPLETE | Total RTT (Processing): 902.45ms | Status: 200
2026-04-05 22:40:03,812 | INFO | [L7_APPLICATION] | API_REQUEST_IN | Method: GET | Path: /api/v1/drivers/
2026-04-05 22:40:03,848 | INFO | [L6_PRESENTATION] | DE-ENCAPSULATION | Received Data PDU (Size: 0 bytes)
2026-04-05 22:40:03,975 | INFO | [DATABASE_LAYER] | ENDPOINT_CALL | GET /drivers/ - skip: 0, limit: 100
2026-04-05 22:40:04,002 | INFO | [DATABASE_LAYER] | SQL_QUERY | SELECT drivers OFFSET 0 LIMIT 100
2026-04-05 22:40:04,040 | INFO | [L7_APPLICATION] | API_REQUEST_IN | Method: GET | Path: /api/v1/taxis/
2026-04-05 22:40:04,062 | INFO | [L6_PRESENTATION] | DE-ENCAPSULATION | Received Data PDU (Size: 0 bytes)
2026-04-05 22:40:04,081 | INFO | [L7_APPLICATION] | API_REQUEST_IN | Method: GET | Path: /api/v1/buses/
2026-04-05 22:40:04,091 | INFO | [L6_PRESENTATION] | DE-ENCAPSULATION | Received Data PDU (Size: 0 bytes)
2026-04-05 22:40:04,150 | INFO | [DATABASE_LAYER] | ENDPOINT_CALL | GET /taxis/ - skip: 0, limit: 100
2026-04-05 22:40:04,166 | INFO | [DATABASE_LAYER] | SQL_QUERY | SELECT taxis OFFSET 0 LIMIT 100
2026-04-05 22:40:04,198 | INFO | [DATABASE_LAYER] | ENDPOINT_CALL | GET /buses/ - skip: 0, limit: 100
2026-04-05 22:40:04,210 | INFO | [DATABASE_LAYER] | SQL_QUERY | SELECT buses OFFSET 0 LIMIT 100
2026-04-05 22:40:04,307 | INFO | [L7_APPLICATION] | API_REQUEST_IN | Method: GET | Path: /api/v1/students/
2026-04-05 22:40:04,413 | INFO | [L6_PRESENTATION] | DE-ENCAPSULATION | Received Data PDU (Size: 0 bytes)
2026-04-05 22:40:04,457 | INFO | [L7_APPLICATION] | API_REQUEST_IN | Method: GET | Path: /api/v1/bicycles/
2026-04-05 22:40:04,470 | INFO | [L6_PRESENTATION] | DE-ENCAPSULATION | Received Data PDU (Size: 0 bytes)
2026-04-05 22:40:04,625 | INFO | [DATABASE_LAYER] | ENDPOINT_CALL | GET /students/ - skip: 0, limit: 100
2026-04-05 22:40:04,678 | INFO | [DATABASE_LAYER] | SQL_QUERY | SELECT students OFFSET 0 LIMIT 100
2026-04-05 22:40:04,804 | INFO | [DATABASE_LAYER] | ENDPOINT_CALL | GET /bicycles/ - skip: 0, limit: 100
2026-04-05 22:40:04,884 | INFO | [DATABASE_LAYER] | SQL_QUERY | SELECT bicycles OFFSET 0 LIMIT 100
2026-04-05 22:40:04,975 | INFO | [L4_TRANSPORT] | SEGMENT_COMPLETE | Total RTT (Processing): 1163.05ms | Status: 200
2026-04-05 22:40:05,096 | INFO | [L4_TRANSPORT] | SEGMENT_COMPLETE | Total RTT (Processing): 1056.53ms | Status: 200
2026-04-05 22:40:05,101 | INFO | [L4_TRANSPORT] | SEGMENT_COMPLETE | Total RTT (Processing): 643.75ms | Status: 200
2026-04-05 22:40:05,141 | INFO | [L4_TRANSPORT] | SEGMENT_COMPLETE | Total RTT (Processing): 1060.52ms | Status: 200
2026-04-05 22:40:05,207 | INFO | [L4_TRANSPORT] | SEGMENT_COMPLETE | Total RTT (Processing): 902.38ms | Status: 200
2026-04-08 13:17:04,496 | INFO | [L7_APPLICATION] | API_REQUEST_IN | Method: GET | Path: /api/v1/students/
2026-04-08 13:17:04,498 | INFO | [L6_PRESENTATION] | DE-ENCAPSULATION | Received Data PDU (Size: 0 bytes)
2026-04-08 13:17:04,519 | INFO | [DATABASE_LAYER] | ENDPOINT_CALL | GET /students/ - skip: 0, limit: 100
2026-04-08 13:17:04,529 | INFO | [DATABASE_LAYER] | SQL_QUERY | SELECT students OFFSET 0 LIMIT 100
2026-04-08 13:17:04,681 | INFO | [L7_APPLICATION] | API_REQUEST_IN | Method: GET | Path: /api/v1/drivers/
2026-04-08 13:17:04,691 | INFO | [L6_PRESENTATION] | DE-ENCAPSULATION | Received Data PDU (Size: 0 bytes)
2026-04-08 13:17:04,723 | INFO | [DATABASE_LAYER] | ENDPOINT_CALL | GET /drivers/ - skip: 0, limit: 100
2026-04-08 13:17:04,724 | INFO | [DATABASE_LAYER] | SQL_QUERY | SELECT drivers OFFSET 0 LIMIT 100
2026-04-08 13:17:04,755 | INFO | [L7_APPLICATION] | API_REQUEST_IN | Method: GET | Path: /api/v1/buses/
2026-04-08 13:17:04,757 | INFO | [L6_PRESENTATION] | DE-ENCAPSULATION | Received Data PDU (Size: 0 bytes)
2026-04-08 13:17:04,758 | INFO | [L7_APPLICATION] | API_REQUEST_IN | Method: GET | Path: /api/v1/taxis/
2026-04-08 13:17:04,760 | INFO | [L6_PRESENTATION] | DE-ENCAPSULATION | Received Data PDU (Size: 0 bytes)
2026-04-08 13:17:04,763 | INFO | [L7_APPLICATION] | API_REQUEST_IN | Method: GET | Path: /api/v1/bicycles/
2026-04-08 13:17:04,766 | INFO | [L6_PRESENTATION] | DE-ENCAPSULATION | Received Data PDU (Size: 0 bytes)
2026-04-08 13:17:04,791 | INFO | [DATABASE_LAYER] | ENDPOINT_CALL | GET /buses/ - skip: 0, limit: 100
2026-04-08 13:17:04,792 | INFO | [DATABASE_LAYER] | SQL_QUERY | SELECT buses OFFSET 0 LIMIT 100
2026-04-08 13:17:04,816 | INFO | [DATABASE_LAYER] | ENDPOINT_CALL | GET /taxis/ - skip: 0, limit: 100
2026-04-08 13:17:04,820 | INFO | [DATABASE_LAYER] | SQL_QUERY | SELECT taxis OFFSET 0 LIMIT 100
2026-04-08 13:17:04,882 | INFO | [DATABASE_LAYER] | ENDPOINT_CALL | GET /bicycles/ - skip: 0, limit: 100
2026-04-08 13:17:04,890 | INFO | [DATABASE_LAYER] | SQL_QUERY | SELECT bicycles OFFSET 0 LIMIT 100
2026-04-08 13:17:04,974 | INFO | [L4_TRANSPORT] | SEGMENT_COMPLETE | Total RTT (Processing): 477.94ms | Status: 200
2026-04-08 13:17:05,038 | INFO | [L7_APPLICATION] | API_REQUEST_IN | Method: GET | Path: /api/v1/students/
2026-04-08 13:17:05,091 | INFO | [L6_PRESENTATION] | DE-ENCAPSULATION | Received Data PDU (Size: 0 bytes)
2026-04-08 13:17:05,180 | INFO | [DATABASE_LAYER] | ENDPOINT_CALL | GET /students/ - skip: 0, limit: 100
2026-04-08 13:17:05,220 | INFO | [DATABASE_LAYER] | SQL_QUERY | SELECT students OFFSET 0 LIMIT 100
2026-04-08 13:17:05,271 | INFO | [L4_TRANSPORT] | SEGMENT_COMPLETE | Total RTT (Processing): 233.46ms | Status: 200
2026-04-08 13:17:05,551 | INFO | [L4_TRANSPORT] | SEGMENT_COMPLETE | Total RTT (Processing): 872.74ms | Status: 200
2026-04-08 13:17:05,559 | INFO | [L4_TRANSPORT] | SEGMENT_COMPLETE | Total RTT (Processing): 801.66ms | Status: 200
2026-04-08 13:17:05,564 | INFO | [L7_APPLICATION] | API_REQUEST_IN | Method: GET | Path: /api/v1/drivers/
2026-04-08 13:17:05,566 | INFO | [L6_PRESENTATION] | DE-ENCAPSULATION | Received Data PDU (Size: 0 bytes)
2026-04-08 13:17:05,571 | INFO | [L4_TRANSPORT] | SEGMENT_COMPLETE | Total RTT (Processing): 808.13ms | Status: 200
2026-04-08 13:17:05,586 | INFO | [DATABASE_LAYER] | ENDPOINT_CALL | GET /drivers/ - skip: 0, limit: 100
2026-04-08 13:17:05,588 | INFO | [DATABASE_LAYER] | SQL_QUERY | SELECT drivers OFFSET 0 LIMIT 100
2026-04-08 13:17:05,606 | INFO | [L4_TRANSPORT] | SEGMENT_COMPLETE | Total RTT (Processing): 851.69ms | Status: 200
2026-04-08 13:17:05,614 | INFO | [L7_APPLICATION] | API_REQUEST_IN | Method: GET | Path: /api/v1/taxis/
2026-04-08 13:17:05,618 | INFO | [L6_PRESENTATION] | DE-ENCAPSULATION | Received Data PDU (Size: 0 bytes)
2026-04-08 13:17:05,631 | INFO | [DATABASE_LAYER] | ENDPOINT_CALL | GET /taxis/ - skip: 0, limit: 100
2026-04-08 13:17:05,643 | INFO | [DATABASE_LAYER] | SQL_QUERY | SELECT taxis OFFSET 0 LIMIT 100
2026-04-08 13:17:05,665 | INFO | [L7_APPLICATION] | API_REQUEST_IN | Method: GET | Path: /api/v1/bicycles/
2026-04-08 13:17:05,669 | INFO | [L6_PRESENTATION] | DE-ENCAPSULATION | Received Data PDU (Size: 0 bytes)
2026-04-08 13:17:05,674 | INFO | [DATABASE_LAYER] | ENDPOINT_CALL | GET /bicycles/ - skip: 0, limit: 100
2026-04-08 13:17:05,680 | INFO | [DATABASE_LAYER] | SQL_QUERY | SELECT bicycles OFFSET 0 LIMIT 100
2026-04-08 13:17:05,691 | INFO | [L7_APPLICATION] | API_REQUEST_IN | Method: GET | Path: /api/v1/buses/
2026-04-08 13:17:05,692 | INFO | [L6_PRESENTATION] | DE-ENCAPSULATION | Received Data PDU (Size: 0 bytes)
2026-04-08 13:17:05,695 | INFO | [DATABASE_LAYER] | ENDPOINT_CALL | GET /buses/ - skip: 0, limit: 100
2026-04-08 13:17:05,698 | INFO | [DATABASE_LAYER] | SQL_QUERY | SELECT buses OFFSET 0 LIMIT 100
2026-04-08 13:17:05,705 | INFO | [L4_TRANSPORT] | SEGMENT_COMPLETE | Total RTT (Processing): 140.00ms | Status: 200
2026-04-08 13:17:05,737 | INFO | [L4_TRANSPORT] | SEGMENT_COMPLETE | Total RTT (Processing): 123.00ms | Status: 200
2026-04-08 13:17:05,754 | INFO | [L4_TRANSPORT] | SEGMENT_COMPLETE | Total RTT (Processing): 90.95ms | Status: 200
2026-04-08 13:17:05,756 | INFO | [L4_TRANSPORT] | SEGMENT_COMPLETE | Total RTT (Processing): 65.01ms | Status: 200
2026-04-08 13:31:41,383 | INFO | [L7_APPLICATION] | API_REQUEST_IN | Method: POST | Path: /api/v1/drivers/
2026-04-08 13:31:41,384 | INFO | [L6_PRESENTATION] | DE-ENCAPSULATION | Received Data PDU (Size: 106 bytes)
2026-04-08 13:31:41,389 | INFO | [DATABASE_LAYER] | ENDPOINT_CALL | POST /drivers/ - driver_id: A43232
2026-04-08 13:31:41,390 | INFO | [DATABASE_LAYER] | SQL_QUERY | SELECT/UPSERT driver WHERE driver_id='A43232'
2026-04-08 13:31:41,465 | INFO | [L4_TRANSPORT] | SEGMENT_COMPLETE | Total RTT (Processing): 81.57ms | Status: 200
2026-04-08 13:31:41,476 | INFO | [L7_APPLICATION] | API_REQUEST_IN | Method: GET | Path: /api/v1/drivers/
2026-04-08 13:31:41,477 | INFO | [L6_PRESENTATION] | DE-ENCAPSULATION | Received Data PDU (Size: 0 bytes)
2026-04-08 13:31:41,478 | INFO | [DATABASE_LAYER] | ENDPOINT_CALL | GET /drivers/ - skip: 0, limit: 100
2026-04-08 13:31:41,479 | INFO | [DATABASE_LAYER] | SQL_QUERY | SELECT drivers OFFSET 0 LIMIT 100
2026-04-08 13:31:41,483 | INFO | [L4_TRANSPORT] | SEGMENT_COMPLETE | Total RTT (Processing): 6.12ms | Status: 200
2026-04-13 14:07:41,238 | INFO | [L7_APPLICATION] | API_REQUEST_IN | Method: GET | Path: /api/v1/students/
2026-04-13 14:07:41,240 | INFO | [L6_PRESENTATION] | DE-ENCAPSULATION | Received Data PDU (Size: 0 bytes)
2026-04-13 14:07:41,281 | INFO | [DATABASE_LAYER] | ENDPOINT_CALL | GET /students/ - skip: 0, limit: 100
2026-04-13 14:07:41,282 | INFO | [DATABASE_LAYER] | SQL_QUERY | SELECT students OFFSET 0 LIMIT 100
2026-04-13 14:07:41,298 | INFO | [L7_APPLICATION] | API_REQUEST_IN | Method: GET | Path: /api/v1/drivers/
2026-04-13 14:07:41,299 | INFO | [L6_PRESENTATION] | DE-ENCAPSULATION | Received Data PDU (Size: 0 bytes)
2026-04-13 14:07:41,326 | INFO | [DATABASE_LAYER] | ENDPOINT_CALL | GET /drivers/ - skip: 0, limit: 100
2026-04-13 14:07:41,327 | INFO | [DATABASE_LAYER] | SQL_QUERY | SELECT drivers OFFSET 0 LIMIT 100
2026-04-13 14:07:41,336 | INFO | [L7_APPLICATION] | API_REQUEST_IN | Method: GET | Path: /api/v1/taxis/
2026-04-13 14:07:41,337 | INFO | [L6_PRESENTATION] | DE-ENCAPSULATION | Received Data PDU (Size: 0 bytes)
2026-04-13 14:07:41,338 | INFO | [L7_APPLICATION] | API_REQUEST_IN | Method: GET | Path: /api/v1/buses/
2026-04-13 14:07:41,339 | INFO | [L6_PRESENTATION] | DE-ENCAPSULATION | Received Data PDU (Size: 0 bytes)
2026-04-13 14:07:41,340 | INFO | [L7_APPLICATION] | API_REQUEST_IN | Method: GET | Path: /api/v1/bicycles/
2026-04-13 14:07:41,341 | INFO | [L6_PRESENTATION] | DE-ENCAPSULATION | Received Data PDU (Size: 0 bytes)
2026-04-13 14:07:41,366 | INFO | [DATABASE_LAYER] | ENDPOINT_CALL | GET /taxis/ - skip: 0, limit: 100
2026-04-13 14:07:41,367 | INFO | [DATABASE_LAYER] | SQL_QUERY | SELECT taxis OFFSET 0 LIMIT 100
2026-04-13 14:07:41,394 | INFO | [DATABASE_LAYER] | ENDPOINT_CALL | GET /buses/ - skip: 0, limit: 100
2026-04-13 14:07:41,395 | INFO | [DATABASE_LAYER] | SQL_QUERY | SELECT buses OFFSET 0 LIMIT 100
2026-04-13 14:07:41,425 | INFO | [DATABASE_LAYER] | ENDPOINT_CALL | GET /bicycles/ - skip: 0, limit: 100
2026-04-13 14:07:41,426 | INFO | [DATABASE_LAYER] | SQL_QUERY | SELECT bicycles OFFSET 0 LIMIT 100
2026-04-13 14:07:41,460 | INFO | [L4_TRANSPORT] | SEGMENT_COMPLETE | Total RTT (Processing): 221.92ms | Status: 200
2026-04-13 14:07:41,471 | INFO | [L7_APPLICATION] | API_REQUEST_IN | Method: GET | Path: /api/v1/students/
2026-04-13 14:07:41,472 | INFO | [L6_PRESENTATION] | DE-ENCAPSULATION | Received Data PDU (Size: 0 bytes)
2026-04-13 14:07:41,473 | INFO | [DATABASE_LAYER] | ENDPOINT_CALL | GET /students/ - skip: 0, limit: 100
2026-04-13 14:07:41,474 | INFO | [DATABASE_LAYER] | SQL_QUERY | SELECT students OFFSET 0 LIMIT 100
2026-04-13 14:07:41,481 | INFO | [L4_TRANSPORT] | SEGMENT_COMPLETE | Total RTT (Processing): 182.97ms | Status: 200
2026-04-13 14:07:41,491 | INFO | [L4_TRANSPORT] | SEGMENT_COMPLETE | Total RTT (Processing): 19.99ms | Status: 200
2026-04-13 14:07:41,502 | INFO | [L7_APPLICATION] | API_REQUEST_IN | Method: GET | Path: /api/v1/drivers/
2026-04-13 14:07:41,506 | INFO | [L6_PRESENTATION] | DE-ENCAPSULATION | Received Data PDU (Size: 0 bytes)
2026-04-13 14:07:41,512 | INFO | [DATABASE_LAYER] | ENDPOINT_CALL | GET /drivers/ - skip: 0, limit: 100
2026-04-13 14:07:41,513 | INFO | [DATABASE_LAYER] | SQL_QUERY | SELECT drivers OFFSET 0 LIMIT 100
2026-04-13 14:07:41,520 | INFO | [L4_TRANSPORT] | SEGMENT_COMPLETE | Total RTT (Processing): 18.09ms | Status: 200
2026-04-13 14:07:41,556 | INFO | [L4_TRANSPORT] | SEGMENT_COMPLETE | Total RTT (Processing): 220.55ms | Status: 200
2026-04-13 14:07:41,562 | INFO | [L7_APPLICATION] | API_REQUEST_IN | Method: GET | Path: /api/v1/taxis/
2026-04-13 14:07:41,563 | INFO | [L6_PRESENTATION] | DE-ENCAPSULATION | Received Data PDU (Size: 0 bytes)
2026-04-13 14:07:41,565 | INFO | [DATABASE_LAYER] | ENDPOINT_CALL | GET /taxis/ - skip: 0, limit: 100
2026-04-13 14:07:41,565 | INFO | [DATABASE_LAYER] | SQL_QUERY | SELECT taxis OFFSET 0 LIMIT 100
2026-04-13 14:07:41,572 | INFO | [L4_TRANSPORT] | SEGMENT_COMPLETE | Total RTT (Processing): 234.23ms | Status: 200
2026-04-13 14:07:41,578 | INFO | [L4_TRANSPORT] | SEGMENT_COMPLETE | Total RTT (Processing): 15.65ms | Status: 200
2026-04-13 14:07:41,579 | INFO | [L7_APPLICATION] | API_REQUEST_IN | Method: GET | Path: /api/v1/buses/
2026-04-13 14:07:41,580 | INFO | [L6_PRESENTATION] | DE-ENCAPSULATION | Received Data PDU (Size: 0 bytes)
2026-04-13 14:07:41,584 | INFO | [DATABASE_LAYER] | ENDPOINT_CALL | GET /buses/ - skip: 0, limit: 100
2026-04-13 14:07:41,585 | INFO | [DATABASE_LAYER] | SQL_QUERY | SELECT buses OFFSET 0 LIMIT 100
2026-04-13 14:07:41,587 | INFO | [L4_TRANSPORT] | SEGMENT_COMPLETE | Total RTT (Processing): 246.73ms | Status: 200
2026-04-13 14:07:41,593 | INFO | [L7_APPLICATION] | API_REQUEST_IN | Method: GET | Path: /api/v1/bicycles/
2026-04-13 14:07:41,593 | INFO | [L6_PRESENTATION] | DE-ENCAPSULATION | Received Data PDU (Size: 0 bytes)
2026-04-13 14:07:41,595 | INFO | [DATABASE_LAYER] | ENDPOINT_CALL | GET /bicycles/ - skip: 0, limit: 100
2026-04-13 14:07:41,595 | INFO | [DATABASE_LAYER] | SQL_QUERY | SELECT bicycles OFFSET 0 LIMIT 100
2026-04-13 14:07:41,598 | INFO | [L4_TRANSPORT] | SEGMENT_COMPLETE | Total RTT (Processing): 18.68ms | Status: 200
2026-04-13 14:07:41,605 | INFO | [L4_TRANSPORT] | SEGMENT_COMPLETE | Total RTT (Processing): 11.95ms | Status: 200
2026-04-13 21:15:03,737 | INFO | [L7_APPLICATION] | API_REQUEST_IN | Method: GET | Path: /api/v1/students/
2026-04-13 21:15:03,739 | INFO | [L6_PRESENTATION] | DE-ENCAPSULATION | Received Data PDU (Size: 0 bytes)
2026-04-13 21:15:03,746 | INFO | [DATABASE_LAYER] | ENDPOINT_CALL | GET /students/ - skip: 0, limit: 100
2026-04-13 21:15:03,747 | INFO | [DATABASE_LAYER] | SQL_QUERY | SELECT students OFFSET 0 LIMIT 100
2026-04-13 21:15:03,766 | INFO | [L7_APPLICATION] | API_REQUEST_IN | Method: GET | Path: /api/v1/drivers/
2026-04-13 21:15:03,768 | INFO | [L6_PRESENTATION] | DE-ENCAPSULATION | Received Data PDU (Size: 0 bytes)
2026-04-13 21:15:03,770 | INFO | [L7_APPLICATION] | API_REQUEST_IN | Method: GET | Path: /api/v1/buses/
2026-04-13 21:15:03,771 | INFO | [L6_PRESENTATION] | DE-ENCAPSULATION | Received Data PDU (Size: 0 bytes)
2026-04-13 21:15:03,775 | INFO | [DATABASE_LAYER] | ENDPOINT_CALL | GET /drivers/ - skip: 0, limit: 100
2026-04-13 21:15:03,776 | INFO | [DATABASE_LAYER] | SQL_QUERY | SELECT drivers OFFSET 0 LIMIT 100
2026-04-13 21:15:03,785 | INFO | [DATABASE_LAYER] | ENDPOINT_CALL | GET /buses/ - skip: 0, limit: 100
2026-04-13 21:15:03,786 | INFO | [DATABASE_LAYER] | SQL_QUERY | SELECT buses OFFSET 0 LIMIT 100
2026-04-13 21:15:03,796 | INFO | [L7_APPLICATION] | API_REQUEST_IN | Method: GET | Path: /api/v1/taxis/
2026-04-13 21:15:03,797 | INFO | [L6_PRESENTATION] | DE-ENCAPSULATION | Received Data PDU (Size: 0 bytes)
2026-04-13 21:15:03,799 | INFO | [L7_APPLICATION] | API_REQUEST_IN | Method: GET | Path: /api/v1/bicycles/
2026-04-13 21:15:03,802 | INFO | [L6_PRESENTATION] | DE-ENCAPSULATION | Received Data PDU (Size: 0 bytes)
2026-04-13 21:15:03,805 | INFO | [DATABASE_LAYER] | ENDPOINT_CALL | GET /taxis/ - skip: 0, limit: 100
2026-04-13 21:15:03,806 | INFO | [DATABASE_LAYER] | SQL_QUERY | SELECT taxis OFFSET 0 LIMIT 100
2026-04-13 21:15:03,820 | INFO | [DATABASE_LAYER] | ENDPOINT_CALL | GET /bicycles/ - skip: 0, limit: 100
2026-04-13 21:15:03,823 | INFO | [DATABASE_LAYER] | SQL_QUERY | SELECT bicycles OFFSET 0 LIMIT 100
2026-04-13 21:15:03,848 | INFO | [L4_TRANSPORT] | SEGMENT_COMPLETE | Total RTT (Processing): 110.89ms | Status: 200
2026-04-13 21:15:03,858 | INFO | [L7_APPLICATION] | API_REQUEST_IN | Method: GET | Path: /api/v1/students/
2026-04-13 21:15:03,860 | INFO | [L6_PRESENTATION] | DE-ENCAPSULATION | Received Data PDU (Size: 0 bytes)
2026-04-13 21:15:03,864 | INFO | [DATABASE_LAYER] | ENDPOINT_CALL | GET /students/ - skip: 0, limit: 100
2026-04-13 21:15:03,868 | INFO | [DATABASE_LAYER] | SQL_QUERY | SELECT students OFFSET 0 LIMIT 100
2026-04-13 21:15:03,872 | INFO | [L4_TRANSPORT] | SEGMENT_COMPLETE | Total RTT (Processing): 13.98ms | Status: 200
2026-04-13 21:15:03,929 | INFO | [L4_TRANSPORT] | SEGMENT_COMPLETE | Total RTT (Processing): 159.24ms | Status: 200
2026-04-13 21:15:03,935 | INFO | [L7_APPLICATION] | API_REQUEST_IN | Method: GET | Path: /api/v1/buses/
2026-04-13 21:15:03,936 | INFO | [L6_PRESENTATION] | DE-ENCAPSULATION | Received Data PDU (Size: 0 bytes)
2026-04-13 21:15:03,938 | INFO | [DATABASE_LAYER] | ENDPOINT_CALL | GET /buses/ - skip: 0, limit: 100
2026-04-13 21:15:03,939 | INFO | [DATABASE_LAYER] | SQL_QUERY | SELECT buses OFFSET 0 LIMIT 100
2026-04-13 21:15:03,943 | INFO | [L4_TRANSPORT] | SEGMENT_COMPLETE | Total RTT (Processing): 147.21ms | Status: 200
2026-04-13 21:15:03,949 | INFO | [L7_APPLICATION] | API_REQUEST_IN | Method: GET | Path: /api/v1/taxis/
2026-04-13 21:15:03,950 | INFO | [L6_PRESENTATION] | DE-ENCAPSULATION | Received Data PDU (Size: 0 bytes)
2026-04-13 21:15:03,952 | INFO | [DATABASE_LAYER] | ENDPOINT_CALL | GET /taxis/ - skip: 0, limit: 100
2026-04-13 21:15:03,953 | INFO | [DATABASE_LAYER] | SQL_QUERY | SELECT taxis OFFSET 0 LIMIT 100
2026-04-13 21:15:03,959 | INFO | [L4_TRANSPORT] | SEGMENT_COMPLETE | Total RTT (Processing): 24.00ms | Status: 200
2026-04-13 21:15:03,967 | INFO | [L4_TRANSPORT] | SEGMENT_COMPLETE | Total RTT (Processing): 18.66ms | Status: 200
2026-04-13 21:15:03,972 | INFO | [L4_TRANSPORT] | SEGMENT_COMPLETE | Total RTT (Processing): 174.14ms | Status: 200
2026-04-13 21:15:03,977 | INFO | [L7_APPLICATION] | API_REQUEST_IN | Method: GET | Path: /api/v1/bicycles/
2026-04-13 21:15:03,978 | INFO | [L6_PRESENTATION] | DE-ENCAPSULATION | Received Data PDU (Size: 0 bytes)
2026-04-13 21:15:03,979 | INFO | [DATABASE_LAYER] | ENDPOINT_CALL | GET /bicycles/ - skip: 0, limit: 100
2026-04-13 21:15:03,980 | INFO | [DATABASE_LAYER] | SQL_QUERY | SELECT bicycles OFFSET 0 LIMIT 100
2026-04-13 21:15:03,990 | INFO | [L4_TRANSPORT] | SEGMENT_COMPLETE | Total RTT (Processing): 12.97ms | Status: 200
2026-04-13 21:15:03,994 | INFO | [L4_TRANSPORT] | SEGMENT_COMPLETE | Total RTT (Processing): 228.08ms | Status: 200
2026-04-13 21:15:03,999 | INFO | [L7_APPLICATION] | API_REQUEST_IN | Method: GET | Path: /api/v1/drivers/
2026-04-13 21:15:04,000 | INFO | [L6_PRESENTATION] | DE-ENCAPSULATION | Received Data PDU (Size: 0 bytes)
2026-04-13 21:15:04,001 | INFO | [DATABASE_LAYER] | ENDPOINT_CALL | GET /drivers/ - skip: 0, limit: 100
2026-04-13 21:15:04,002 | INFO | [DATABASE_LAYER] | SQL_QUERY | SELECT drivers OFFSET 0 LIMIT 100
2026-04-13 21:15:04,010 | INFO | [L4_TRANSPORT] | SEGMENT_COMPLETE | Total RTT (Processing): 10.93ms | Status: 200
2026-04-13 21:25:53,856 | INFO | [L7_APPLICATION] | API_REQUEST_IN | Method: POST | Path: /api/v1/students/
2026-04-13 21:25:53,857 | INFO | [L6_PRESENTATION] | DE-ENCAPSULATION | Received Data PDU (Size: 124 bytes)
2026-04-13 21:25:53,877 | INFO | [DATABASE_LAYER] | ENDPOINT_CALL | POST /students/ - matric_id: 304008
2026-04-13 21:25:53,877 | INFO | [DATABASE_LAYER] | SQL_QUERY | SELECT/UPSERT student WHERE matric_id='304008'
2026-04-13 21:25:53,929 | INFO | [L4_TRANSPORT] | SEGMENT_COMPLETE | Total RTT (Processing): 72.40ms | Status: 200
2026-04-13 21:25:53,935 | INFO | [L7_APPLICATION] | API_REQUEST_IN | Method: GET | Path: /api/v1/students/
2026-04-13 21:25:53,936 | INFO | [L6_PRESENTATION] | DE-ENCAPSULATION | Received Data PDU (Size: 0 bytes)
2026-04-13 21:25:53,937 | INFO | [DATABASE_LAYER] | ENDPOINT_CALL | GET /students/ - skip: 0, limit: 100
2026-04-13 21:25:53,937 | INFO | [DATABASE_LAYER] | SQL_QUERY | SELECT students OFFSET 0 LIMIT 100
2026-04-13 21:25:53,947 | INFO | [L4_TRANSPORT] | SEGMENT_COMPLETE | Total RTT (Processing): 11.92ms | Status: 200
2026-05-25 22:51:35,751 | INFO | [L7_APPLICATION] | API_REQUEST_IN | Method: GET | Path: /docs
2026-05-25 22:51:35,754 | INFO | [L6_PRESENTATION] | DE-ENCAPSULATION | Received Data PDU (Size: 0 bytes)
2026-05-25 22:51:35,759 | INFO | [L4_TRANSPORT] | SEGMENT_COMPLETE | Total RTT (Processing): 8.31ms | Status: 200
2026-05-25 22:53:33,199 | INFO | [L7_APPLICATION] | API_REQUEST_IN | Method: GET | Path: /docs
2026-05-25 22:53:33,202 | INFO | [L6_PRESENTATION] | DE-ENCAPSULATION | Received Data PDU (Size: 0 bytes)
2026-05-25 22:53:33,204 | INFO | [L4_TRANSPORT] | SEGMENT_COMPLETE | Total RTT (Processing): 4.69ms | Status: 200
2026-05-25 22:55:42,445 | INFO | [L7_APPLICATION] | API_REQUEST_IN | Method: GET | Path: /redoc
2026-05-25 22:55:42,446 | INFO | [L6_PRESENTATION] | DE-ENCAPSULATION | Received Data PDU (Size: 0 bytes)
2026-05-25 22:55:42,447 | INFO | [L4_TRANSPORT] | SEGMENT_COMPLETE | Total RTT (Processing): 2.57ms | Status: 200
2026-05-25 23:05:17,893 | INFO | [L7_APPLICATION] | API_REQUEST_IN | Method: GET | Path: /docs
2026-05-25 23:05:17,894 | INFO | [L6_PRESENTATION] | DE-ENCAPSULATION | Received Data PDU (Size: 0 bytes)
2026-05-25 23:05:17,896 | INFO | [L4_TRANSPORT] | SEGMENT_COMPLETE | Total RTT (Processing): 3.41ms | Status: 200
2026-05-25 23:05:22,499 | INFO | [L7_APPLICATION] | API_REQUEST_IN | Method: GET | Path: /docs
2026-05-25 23:05:22,500 | INFO | [L6_PRESENTATION] | DE-ENCAPSULATION | Received Data PDU (Size: 0 bytes)
2026-05-25 23:05:22,502 | INFO | [L4_TRANSPORT] | SEGMENT_COMPLETE | Total RTT (Processing): 3.01ms | Status: 200
2026-05-25 23:05:46,687 | INFO | [L7_APPLICATION] | API_REQUEST_IN | Method: GET | Path: /redoc
2026-05-25 23:05:46,689 | INFO | [L6_PRESENTATION] | DE-ENCAPSULATION | Received Data PDU (Size: 0 bytes)
2026-05-25 23:05:46,690 | INFO | [L4_TRANSPORT] | SEGMENT_COMPLETE | Total RTT (Processing): 2.42ms | Status: 200
2026-05-25 23:08:38,815 | INFO | [L7_APPLICATION] | API_REQUEST_IN | Method: GET | Path: /redoc
2026-05-25 23:08:38,816 | INFO | [L6_PRESENTATION] | DE-ENCAPSULATION | Received Data PDU (Size: 0 bytes)
2026-05-25 23:08:38,816 | INFO | [L4_TRANSPORT] | SEGMENT_COMPLETE | Total RTT (Processing): 1.49ms | Status: 200
2026-05-25 23:09:41,254 | INFO | [L7_APPLICATION] | API_REQUEST_IN | Method: GET | Path: /redoc
2026-05-25 23:09:41,254 | INFO | [L6_PRESENTATION] | DE-ENCAPSULATION | Received Data PDU (Size: 0 bytes)
2026-05-25 23:09:41,255 | INFO | [L4_TRANSPORT] | SEGMENT_COMPLETE | Total RTT (Processing): 1.40ms | Status: 200
2026-05-25 23:09:55,660 | INFO | [L7_APPLICATION] | API_REQUEST_IN | Method: GET | Path: /docs
2026-05-25 23:09:55,661 | INFO | [L6_PRESENTATION] | DE-ENCAPSULATION | Received Data PDU (Size: 0 bytes)
2026-05-25 23:09:55,663 | INFO | [L4_TRANSPORT] | SEGMENT_COMPLETE | Total RTT (Processing): 3.18ms | Status: 200
2026-05-25 23:10:00,109 | INFO | [L7_APPLICATION] | API_REQUEST_IN | Method: GET | Path: /docs
2026-05-25 23:10:00,109 | INFO | [L6_PRESENTATION] | DE-ENCAPSULATION | Received Data PDU (Size: 0 bytes)
2026-05-25 23:10:00,110 | INFO | [L4_TRANSPORT] | SEGMENT_COMPLETE | Total RTT (Processing): 1.46ms | Status: 200
2026-05-25 23:10:00,948 | INFO | [L7_APPLICATION] | API_REQUEST_IN | Method: GET | Path: /docs
2026-05-25 23:10:00,949 | INFO | [L6_PRESENTATION] | DE-ENCAPSULATION | Received Data PDU (Size: 0 bytes)
2026-05-25 23:10:00,950 | INFO | [L4_TRANSPORT] | SEGMENT_COMPLETE | Total RTT (Processing): 1.72ms | Status: 200
2026-05-25 23:10:21,831 | INFO | [L7_APPLICATION] | API_REQUEST_IN | Method: GET | Path: /docs
2026-05-25 23:10:21,832 | INFO | [L6_PRESENTATION] | DE-ENCAPSULATION | Received Data PDU (Size: 0 bytes)
2026-05-25 23:10:21,833 | INFO | [L4_TRANSPORT] | SEGMENT_COMPLETE | Total RTT (Processing): 2.17ms | Status: 200
2026-05-25 23:10:24,965 | INFO | [L7_APPLICATION] | API_REQUEST_IN | Method: GET | Path: /docs
2026-05-25 23:10:24,966 | INFO | [L6_PRESENTATION] | DE-ENCAPSULATION | Received Data PDU (Size: 0 bytes)
2026-05-25 23:10:24,967 | INFO | [L4_TRANSPORT] | SEGMENT_COMPLETE | Total RTT (Processing): 1.62ms | Status: 200
2026-05-25 23:12:15,612 | INFO | [L7_APPLICATION] | API_REQUEST_IN | Method: GET | Path: /docs
2026-05-25 23:12:15,612 | INFO | [L6_PRESENTATION] | DE-ENCAPSULATION | Received Data PDU (Size: 0 bytes)
2026-05-25 23:12:15,613 | INFO | [L4_TRANSPORT] | SEGMENT_COMPLETE | Total RTT (Processing): 1.58ms | Status: 200
2026-05-25 23:12:25,822 | INFO | [L7_APPLICATION] | API_REQUEST_IN | Method: GET | Path: /docs
2026-05-25 23:12:25,823 | INFO | [L6_PRESENTATION] | DE-ENCAPSULATION | Received Data PDU (Size: 0 bytes)
2026-05-25 23:12:25,824 | INFO | [L4_TRANSPORT] | SEGMENT_COMPLETE | Total RTT (Processing): 1.40ms | Status: 200
2026-05-25 23:12:27,248 | INFO | [L7_APPLICATION] | API_REQUEST_IN | Method: GET | Path: /docs
2026-05-25 23:12:27,248 | INFO | [L6_PRESENTATION] | DE-ENCAPSULATION | Received Data PDU (Size: 0 bytes)
2026-05-25 23:12:27,249 | INFO | [L4_TRANSPORT] | SEGMENT_COMPLETE | Total RTT (Processing): 1.63ms | Status: 200
2026-05-25 23:14:31,086 | INFO | [L7_APPLICATION] | API_REQUEST_IN | Method: GET | Path: /docs
2026-05-25 23:14:31,088 | INFO | [L6_PRESENTATION] | DE-ENCAPSULATION | Received Data PDU (Size: 0 bytes)
2026-05-25 23:14:31,089 | INFO | [L4_TRANSPORT] | SEGMENT_COMPLETE | Total RTT (Processing): 2.59ms | Status: 200
2026-05-25 23:14:36,520 | INFO | [L7_APPLICATION] | API_REQUEST_IN | Method: GET | Path: /docs
2026-05-25 23:14:36,521 | INFO | [L6_PRESENTATION] | DE-ENCAPSULATION | Received Data PDU (Size: 0 bytes)
2026-05-25 23:14:36,523 | INFO | [L4_TRANSPORT] | SEGMENT_COMPLETE | Total RTT (Processing): 2.38ms | Status: 200
2026-05-25 23:14:54,018 | INFO | [L7_APPLICATION] | API_REQUEST_IN | Method: GET | Path: /docs
2026-05-25 23:14:54,021 | INFO | [L6_PRESENTATION] | DE-ENCAPSULATION | Received Data PDU (Size: 0 bytes)
2026-05-25 23:14:54,023 | INFO | [L4_TRANSPORT] | SEGMENT_COMPLETE | Total RTT (Processing): 5.34ms | Status: 200
2026-05-25 23:29:57,215 | INFO | [L7_APPLICATION] | API_REQUEST_IN | Method: GET | Path: /docs
2026-05-25 23:29:57,216 | INFO | [L6_PRESENTATION] | DE-ENCAPSULATION | Received Data PDU (Size: 0 bytes)
2026-05-25 23:29:57,218 | INFO | [L4_TRANSPORT] | SEGMENT_COMPLETE | Total RTT (Processing): 2.79ms | Status: 200
2026-05-25 23:38:31,335 | INFO | [L7_APPLICATION] | API_REQUEST_IN | Method: GET | Path: /docs
2026-05-25 23:38:31,336 | INFO | [L6_PRESENTATION] | DE-ENCAPSULATION | Received Data PDU (Size: 0 bytes)
2026-05-25 23:38:31,339 | INFO | [L4_TRANSPORT] | SEGMENT_COMPLETE | Total RTT (Processing): 4.31ms | Status: 200
2026-06-05 22:49:34,170 | INFO | [L7_APPLICATION] | API_REQUEST_IN | Method: GET | Path: /docs
2026-06-05 22:49:34,173 | INFO | [L6_PRESENTATION] | DE-ENCAPSULATION | Received Data PDU (Size: 0 bytes)
2026-06-05 22:49:34,175 | INFO | [L4_TRANSPORT] | SEGMENT_COMPLETE | Total RTT (Processing): 4.60ms | Status: 200
